*** EVALUATION ***
PROGRAM "Strobe.abs"

*********************************************************************************************
TARGET SECTION
---------------------------------------------------------------------------------------------
Processor   : Freescale HC08
Memory Model: SMALL
File Format : ELF\DWARF 2.0
Linker      : SmartLinker V-5.0.51 Build 14019, Jan 20 2014

*********************************************************************************************
FILE SECTION
---------------------------------------------------------------------------------------------
LCD_lib_c.obj                           Model: SMALL,         Lang: ANSI-C
SCI_lib_c.obj                           Model: SMALL,         Lang: ANSI-C
main_c.obj                              Model: SMALL,         Lang: ANSI-C
start08_c.obj                           Model: SMALL,         Lang: ANSI-C
mc9s08sh8_c.obj                         Model: SMALL,         Lang: ANSI-C
rtshc08.o (ansiis.lib)                  Model: SMALL,         Lang: ANSI-C

*********************************************************************************************
STARTUP SECTION
---------------------------------------------------------------------------------------------
Entry point: 0xE07B (_Startup)
_startupData is allocated at 0xE084 and uses 6 Bytes
extern struct _tagStartup {
  unsigned nofZeroOut     1
  _Range   pZeroOut       0x100     44
  _Copy    *toCopyDownBeg 0xEBFB
} _startupData;

*********************************************************************************************
SECTION-ALLOCATION SECTION
Section Name                    Size  Type     From       To       Segment
---------------------------------------------------------------------------------------------
.init                            132     R     0xE000     0xE083   ROM
.startData                        14     R     0xE084     0xE091   ROM
.rodata1                         203     R     0xE092     0xE15C   ROM
.text                           2718     R     0xE15D     0xEBFA   ROM
.copy                              2     R     0xEBFB     0xEBFC   ROM
.abs_section_ffdc                  2     R     0xFFDC     0xFFDD   .absSeg0
.abs_section_0                     1   N/I        0x0        0x0   .absSeg1
.abs_section_1                     1   N/I        0x1        0x1   .absSeg2
.abs_section_2                     1   N/I        0x2        0x2   .absSeg3
.abs_section_3                     1   N/I        0x3        0x3   .absSeg4
.abs_section_4                     1   N/I        0x4        0x4   .absSeg5
.abs_section_5                     1   N/I        0x5        0x5   .absSeg6
.abs_section_e                     1   N/I        0xE        0xE   .absSeg7
.abs_section_10                    1   N/I       0x10       0x10   .absSeg8
.abs_section_11                    1   N/I       0x11       0x11   .absSeg9
.abs_section_16                    1   N/I       0x16       0x16   .absSeg10
.abs_section_17                    1   N/I       0x17       0x17   .absSeg11
.abs_section_18                    1   N/I       0x18       0x18   .absSeg12
.abs_section_1a                    1   N/I       0x1A       0x1A   .absSeg13
.abs_section_1c                    1   N/I       0x1C       0x1C   .absSeg14
.abs_section_1d                    1   N/I       0x1D       0x1D   .absSeg15
.abs_section_1e                    1   N/I       0x1E       0x1E   .absSeg16
.abs_section_1f                    1   N/I       0x1F       0x1F   .absSeg17
.abs_section_20                    1   N/I       0x20       0x20   .absSeg18
.abs_section_25                    1   N/I       0x25       0x25   .absSeg19
.abs_section_28                    1   N/I       0x28       0x28   .absSeg20
.abs_section_3a                    1   N/I       0x3A       0x3A   .absSeg21
.abs_section_3b                    1   N/I       0x3B       0x3B   .absSeg22
.abs_section_3c                    1   N/I       0x3C       0x3C   .absSeg23
.abs_section_3d                    1   N/I       0x3D       0x3D   .absSeg24
.abs_section_3e                    1   N/I       0x3E       0x3E   .absSeg25
.abs_section_3f                    1   N/I       0x3F       0x3F   .absSeg26
.abs_section_48                    1   N/I       0x48       0x48   .absSeg27
.abs_section_49                    1   N/I       0x49       0x49   .absSeg28
.abs_section_4a                    1   N/I       0x4A       0x4A   .absSeg29
.abs_section_4b                    1   N/I       0x4B       0x4B   .absSeg30
.abs_section_50                    1   N/I       0x50       0x50   .absSeg31
.abs_section_51                    1   N/I       0x51       0x51   .absSeg32
.abs_section_52                    1   N/I       0x52       0x52   .absSeg33
.abs_section_53                    1   N/I       0x53       0x53   .absSeg34
.abs_section_55                    1   N/I       0x55       0x55   .absSeg35
.abs_section_58                    1   N/I       0x58       0x58   .absSeg36
.abs_section_59                    1   N/I       0x59       0x59   .absSeg37
.abs_section_5a                    1   N/I       0x5A       0x5A   .absSeg38
.abs_section_5b                    1   N/I       0x5B       0x5B   .absSeg39
.abs_section_5c                    1   N/I       0x5C       0x5C   .absSeg40
.abs_section_5d                    1   N/I       0x5D       0x5D   .absSeg41
.abs_section_60                    1   N/I       0x60       0x60   .absSeg42
.abs_section_65                    1   N/I       0x65       0x65   .absSeg43
.abs_section_68                    1   N/I       0x68       0x68   .absSeg44
.abs_section_6c                    1   N/I       0x6C       0x6C   .absSeg45
.abs_section_6d                    1   N/I       0x6D       0x6D   .absSeg46
.abs_section_6e                    1   N/I       0x6E       0x6E   .absSeg47
.abs_section_1800                  1   N/I     0x1800     0x1800   .absSeg48
.abs_section_1801                  1   N/I     0x1801     0x1801   .absSeg49
.abs_section_1802                  1   N/I     0x1802     0x1802   .absSeg50
.abs_section_1803                  1   N/I     0x1803     0x1803   .absSeg51
.abs_section_1809                  1   N/I     0x1809     0x1809   .absSeg52
.abs_section_180a                  1   N/I     0x180A     0x180A   .absSeg53
.abs_section_1816                  1   N/I     0x1816     0x1816   .absSeg54
.abs_section_1817                  1   N/I     0x1817     0x1817   .absSeg55
.abs_section_1818                  1   N/I     0x1818     0x1818   .absSeg56
.abs_section_1820                  1   N/I     0x1820     0x1820   .absSeg57
.abs_section_1821                  1   N/I     0x1821     0x1821   .absSeg58
.abs_section_1823                  1   N/I     0x1823     0x1823   .absSeg59
.abs_section_1824                  1   N/I     0x1824     0x1824   .absSeg60
.abs_section_1825                  1   N/I     0x1825     0x1825   .absSeg61
.abs_section_1826                  1   N/I     0x1826     0x1826   .absSeg62
.abs_section_1840                  1   N/I     0x1840     0x1840   .absSeg63
.abs_section_1841                  1   N/I     0x1841     0x1841   .absSeg64
.abs_section_1842                  1   N/I     0x1842     0x1842   .absSeg65
.abs_section_1844                  1   N/I     0x1844     0x1844   .absSeg66
.abs_section_1845                  1   N/I     0x1845     0x1845   .absSeg67
.abs_section_1846                  1   N/I     0x1846     0x1846   .absSeg68
.abs_section_1848                  1   N/I     0x1848     0x1848   .absSeg69
.abs_section_1849                  1   N/I     0x1849     0x1849   .absSeg70
.abs_section_184a                  1   N/I     0x184A     0x184A   .absSeg71
.abs_section_184c                  1   N/I     0x184C     0x184C   .absSeg72
.abs_section_184d                  1   N/I     0x184D     0x184D   .absSeg73
.abs_section_184e                  1   N/I     0x184E     0x184E   .absSeg74
.abs_section_1850                  1   N/I     0x1850     0x1850   .absSeg75
.abs_section_1851                  1   N/I     0x1851     0x1851   .absSeg76
.abs_section_1852                  1   N/I     0x1852     0x1852   .absSeg77
.abs_section_1853                  1   N/I     0x1853     0x1853   .absSeg78
.abs_section_12                    2   N/I       0x12       0x13   .absSeg79
.abs_section_14                    2   N/I       0x14       0x15   .absSeg80
.abs_section_21                    2   N/I       0x21       0x22   .absSeg81
.abs_section_23                    2   N/I       0x23       0x24   .absSeg82
.abs_section_26                    2   N/I       0x26       0x27   .absSeg83
.abs_section_29                    2   N/I       0x29       0x2A   .absSeg84
.abs_section_38                    2   N/I       0x38       0x39   .absSeg85
.abs_section_61                    2   N/I       0x61       0x62   .absSeg86
.abs_section_63                    2   N/I       0x63       0x64   .absSeg87
.abs_section_66                    2   N/I       0x66       0x67   .absSeg88
.abs_section_69                    2   N/I       0x69       0x6A   .absSeg89
.abs_section_1806                  2   N/I     0x1806     0x1807   .absSeg90
.abs_section_1810                  2   N/I     0x1810     0x1811   .absSeg91
.abs_section_1812                  2   N/I     0x1812     0x1813   .absSeg92
.abs_section_1814                  2   N/I     0x1814     0x1815   .absSeg93
.bss                              24   R/W      0x100      0x117   RAM
.common                           20   R/W      0x118      0x12B   RAM
.stack                            64   R/W      0x12C      0x16B   RAM
.vectSeg94_vect                    2     R     0xFFFE     0xFFFF   .vectSeg94

Summary of section sizes per section type:
READ_ONLY (R):         C01 (dec:     3073)
READ_WRITE (R/W):       6C (dec:      108)
NO_INIT (N/I):          6C (dec:      108)

*********************************************************************************************
VECTOR-ALLOCATION SECTION
    Address     InitValue   InitFunction
---------------------------------------------------------------------------------------------
     0xFFFE        0xE07B   _Startup

*********************************************************************************************
OBJECT-ALLOCATION SECTION
     Name               Module                 Addr   hSize   dSize     Ref    Section   RLIB
---------------------------------------------------------------------------------------------
MODULE:                 -- LCD_lib_c.obj --
- PROCEDURES:
     LCD_begin                                 E15D      5E      94       1   .text       
     LCD_clear                                 E1BB       5       5       4   .text       
     LCD_cmd                                   E1C0      84     132       4   .text       
     LCD_char                                  E244      84     132       1   .text       
     LCD_setCursor                             E2C8      29      41       3   .text       
     LCD_print                                 E2F1      3D      61       9   .text       
     LCD_printInt                              E32E     1C2     450       9   .text       
     delayLCD                                  E4F0      2A      42      12   .text       
     delayMicroseconds                         E51A      2A      42       1   .text       
     delay                                     E544      1A      26       2   .text       
- VARIABLES:
     charCount.1                                100       1       1       4   .bss        
     chars.2                                    101       1       1       4   .bss        
     cycles.3                                   102       2       2       3   .bss        
     mult.4                                     104       2       2       3   .bss        
     cycles.5                                   106       2       2       3   .bss        
     mult.6                                     108       2       2       3   .bss        
     mult.7                                     10A       2       2       3   .bss        
MODULE:                 -- SCI_lib_c.obj --
- PROCEDURES:
     Vscirx_ISR                                E55E      2B      43       1   .text       
     Serial_available                          E589      14      20       1   .text       
     Serial_read                               E59D      2A      42       1   .text       
     Serial_flush                              E5C7      12      18       2   .text       
     Serial_begin                              E5D9      2D      45       1   .text       
     Serial_write                              E606       A      10       1   .text       
- VARIABLES:
     rxIndex                                    10C       1       1       3   .bss        
     dato.1                                     10D       1       1       2   .bss        
     _Vector_17                                FFDC       2       2       0   .abs_section_ffdc
     rxBuffer                                   118      14      20       8   .common     
MODULE:                 -- main_c.obj --
- PROCEDURES:
     main                                      E610      89     137       1   .text       
     proceso1                                  E699      40      64       1   .text       
     proceso2                                  E6D9      66     102       1   .text       
     proceso3                                  E73F      93     147       1   .text       
     map                                       E7D2      6D     109       2   .text       
     analogRead                                E83F      11      17       1   .text       
     CLK_begin                                 E850      16      22       1   .text       
- VARIABLES:
     STRING..................1                 E092      11      17       1   .rodata1    
     STRING......STROBE......2                 E0A3      11      17       1   .rodata1    
     STRING......STROBE......3                 E0B4      11      17       1   .rodata1    
     STRING....Hecho..por....4                 E0C5      11      17       1   .rodata1    
     STRING....Hecho..por....5                 E0D6      11      17       1   .rodata1    
     STRING.....Bacelo.L.....6                 E0E7      11      17       1   .rodata1    
     STRING.....Bacelo.L.....7                 E0F8      11      17       1   .rodata1    
     STRING...Mlinarevic.I...8                 E109      11      17       1   .rodata1    
     STRING...Mlinarevic.I...9                 E11A      11      17       1   .rodata1    
     STRING..................10                E12B      11      17       1   .rodata1    
     STRING.G..11                              E13C       3       3       1   .rodata1    
     STRING.Total..12                          E13F       7       7       1   .rodata1    
     STRING.ms..16                             E146       4       4       1   .rodata1    
     STRING.F..17                              E14A       3       3       1   .rodata1    
     STRING.us......18                         E14D       8       8       1   .rodata1    
     STRING.us......19                         E155       8       8       1   .rodata1    
     fino                                       10E       2       2       7   .bss        
     grueso                                     110       2       2       4   .bss        
     ciclos.13                                  112       2       2       3   .bss        
     ciclos.14                                  114       2       2       3   .bss        
     ciclos.15                                  116       2       2       3   .bss        
MODULE:                 -- start08_c.obj --
- PROCEDURES:
     loadByte                                  E000       E      14       5   .init       
     Init                                      E00E      6D     109       1   .init       
     _Startup                                  E07B       9       9       0   .init       
- VARIABLES:
     _startupData                              E084       6       6       4   .startData  
- LABELS:
     __SEG_END_SSTACK                           16C       0       0       1               
MODULE:                 -- mc9s08sh8_c.obj --
- PROCEDURES:
- VARIABLES:
     _PTAD                                        0       1       1       3   .abs_section_0
     _PTADD                                       1       1       1       1   .abs_section_1
     _PTBD                                        2       1       1      21   .abs_section_2
     _PTBDD                                       3       1       1       3   .abs_section_3
     _PTCD                                        4       1       1      25   .abs_section_4
     _PTCDD                                       5       1       1       3   .abs_section_5
     _ACMPSC                                      E       1       1       0   .abs_section_e
     _ADCSC1                                     10       1       1       2   .abs_section_10
     _ADCSC2                                     11       1       1       1   .abs_section_11
     _ADCCFG                                     16       1       1       1   .abs_section_16
     _APCTL1                                     17       1       1       0   .abs_section_17
     _APCTL2                                     18       1       1       1   .abs_section_18
     _IRQSC                                      1A       1       1       0   .abs_section_1a
     _MTIMSC                                     1C       1       1       0   .abs_section_1c
     _MTIMCLK                                    1D       1       1       0   .abs_section_1d
     _MTIMCNT                                    1E       1       1       0   .abs_section_1e
     _MTIMMOD                                    1F       1       1       0   .abs_section_1f
     _TPM1SC                                     20       1       1       0   .abs_section_20
     _TPM1C0SC                                   25       1       1       0   .abs_section_25
     _TPM1C1SC                                   28       1       1       0   .abs_section_28
     _SCIC1                                      3A       1       1       1   .abs_section_3a
     _SCIC2                                      3B       1       1       3   .abs_section_3b
     _SCIS1                                      3C       1       1       2   .abs_section_3c
     _SCIS2                                      3D       1       1       0   .abs_section_3d
     _SCIC3                                      3E       1       1       1   .abs_section_3e
     _SCID                                       3F       1       1       2   .abs_section_3f
     _ICSC1                                      48       1       1       1   .abs_section_48
     _ICSC2                                      49       1       1       1   .abs_section_49
     _ICSTRM                                     4A       1       1       1   .abs_section_4a
     _ICSSC                                      4B       1       1       1   .abs_section_4b
     _SPIC1                                      50       1       1       0   .abs_section_50
     _SPIC2                                      51       1       1       0   .abs_section_51
     _SPIBR                                      52       1       1       0   .abs_section_52
     _SPIS                                       53       1       1       0   .abs_section_53
     _SPID                                       55       1       1       0   .abs_section_55
     _IICA                                       58       1       1       0   .abs_section_58
     _IICF                                       59       1       1       0   .abs_section_59
     _IICC1                                      5A       1       1       0   .abs_section_5a
     _IICS                                       5B       1       1       0   .abs_section_5b
     _IICD                                       5C       1       1       0   .abs_section_5c
     _IICC2                                      5D       1       1       0   .abs_section_5d
     _TPM2SC                                     60       1       1       0   .abs_section_60
     _TPM2C0SC                                   65       1       1       0   .abs_section_65
     _TPM2C1SC                                   68       1       1       0   .abs_section_68
     _RTCSC                                      6C       1       1       0   .abs_section_6c
     _RTCCNT                                     6D       1       1       0   .abs_section_6d
     _RTCMOD                                     6E       1       1       0   .abs_section_6e
     _SRS                                      1800       1       1       0   .abs_section_1800
     _SBDFR                                    1801       1       1       0   .abs_section_1801
     _SOPT1                                    1802       1       1       1   .abs_section_1802
     _SOPT2                                    1803       1       1       0   .abs_section_1803
     _SPMSC1                                   1809       1       1       0   .abs_section_1809
     _SPMSC2                                   180A       1       1       0   .abs_section_180a
     _DBGC                                     1816       1       1       0   .abs_section_1816
     _DBGT                                     1817       1       1       0   .abs_section_1817
     _DBGS                                     1818       1       1       0   .abs_section_1818
     _FCDIV                                    1820       1       1       0   .abs_section_1820
     _FOPT                                     1821       1       1       0   .abs_section_1821
     _FCNFG                                    1823       1       1       0   .abs_section_1823
     _FPROT                                    1824       1       1       0   .abs_section_1824
     _FSTAT                                    1825       1       1       0   .abs_section_1825
     _FCMD                                     1826       1       1       0   .abs_section_1826
     _PTAPE                                    1840       1       1       0   .abs_section_1840
     _PTASE                                    1841       1       1       0   .abs_section_1841
     _PTADS                                    1842       1       1       0   .abs_section_1842
     _PTASC                                    1844       1       1       0   .abs_section_1844
     _PTAPS                                    1845       1       1       0   .abs_section_1845
     _PTAES                                    1846       1       1       0   .abs_section_1846
     _PTBPE                                    1848       1       1       0   .abs_section_1848
     _PTBSE                                    1849       1       1       0   .abs_section_1849
     _PTBDS                                    184A       1       1       0   .abs_section_184a
     _PTBSC                                    184C       1       1       0   .abs_section_184c
     _PTBPS                                    184D       1       1       0   .abs_section_184d
     _PTBES                                    184E       1       1       0   .abs_section_184e
     _PTCPE                                    1850       1       1       0   .abs_section_1850
     _PTCSE                                    1851       1       1       0   .abs_section_1851
     _PTCDS                                    1852       1       1       0   .abs_section_1852
     _GNGC                                     1853       1       1       0   .abs_section_1853
     _ADCR                                       12       2       2       1   .abs_section_12
     _ADCCV                                      14       2       2       0   .abs_section_14
     _TPM1CNT                                    21       2       2       0   .abs_section_21
     _TPM1MOD                                    23       2       2       0   .abs_section_23
     _TPM1C0V                                    26       2       2       0   .abs_section_26
     _TPM1C1V                                    29       2       2       0   .abs_section_29
     _SCIBD                                      38       2       2       5   .abs_section_38
     _TPM2CNT                                    61       2       2       0   .abs_section_61
     _TPM2MOD                                    63       2       2       0   .abs_section_63
     _TPM2C0V                                    66       2       2       0   .abs_section_66
     _TPM2C1V                                    69       2       2       0   .abs_section_69
     _SDID                                     1806       2       2       0   .abs_section_1806
     _DBGCA                                    1810       2       2       0   .abs_section_1810
     _DBGCB                                    1812       2       2       0   .abs_section_1812
     _DBGF                                     1814       2       2       0   .abs_section_1814
MODULE:                 -- rtshc08.o (ansiis.lib) --
- PROCEDURES:
     _PUSH_ARGS_L                              E866      20      32       2   .text       
     _ENTER_UNARY_L                            E886      29      41       1   .text       
     _ENTER_BINARY_L                           E8AF      16      22       3   .text       
     _ENTER_BINARY_L_RC                        E8C5      19      25       3   .text       
     _IDIVMOD                                  E8DE      69     105       1   .text       
     _LADD_k_is_k_plus_j                       E947      1F      31       1   .text       
     _k_is_k_plus_j_l                          E966      1E      30       2   .text       
     _k_is_k_plus_j_i                          E984      12      18       3   .text       
     _LMUL_k_is_k_mul_j                        E996      81     129       1   .text       
     _LDIVMOD                                  EA17      A4     164       2   .text       
     _NEG_L_HX                                 EABB      13      19       3   .text       
     _ABS_L_HX                                 EACE       6       6       2   .text       
     _SPLITSIGN_L                              EAD4       A      10       2   .text       
     _LMODS_k_is_k_mod_j                       EADE      18      24       1   .text       
     _LDIVS_k_is_k_div_j                       EAF6      27      39       2   .text       
     _LCMP_k_rel_j                             EB1D      1F      31       1   .text       
     _IMUL_STAR08                              EB3C      27      39       1   .text       
     _IDIVU_STAR08                             EB63       D      13       1   .text       
     _LNEG                                     EB70      1C      28       1   .text       
     _LADD                                     EB8C       6       6       1   .text       
     _LMUL                                     EB92       6       6       1   .text       
     _LDIVS                                    EB98       6       6       1   .text       
     _LDIVS_RC                                 EB9E       6       6       7   .text       
     _LMODS_RC                                 EBA4       6       6       8   .text       
     _LCMP_RC                                  EBAA       6       6       8   .text       
     _POP32                                    EBB0      1A      26       5   .text       
     _SEXT16_32                                EBCA       D      13       7   .text       
     _Jump_Table_Header_Offset                 EBD7      24      36       1   .text       
- VARIABLES:

*********************************************************************************************
MODULE STATISTIC
  Name                                      Data   Code  Const
---------------------------------------------------------------------------------------------
  LCD_lib_c.obj                               12   1025      0
  SCI_lib_c.obj                               22    178      2
  main_c.obj                                  10    598    203
  start08_c.obj                                0    132      0
  mc9s08sh8_c.obj                            108      0      0
  rtshc08.o (ansiis.lib)                       0    917      0
  other                                       64     16      2

*********************************************************************************************
SECTION USE IN OBJECT-ALLOCATION SECTION
---------------------------------------------------------------------------------------------
SECTION: ".text"
  LCD_begin LCD_clear LCD_cmd LCD_char LCD_setCursor LCD_print LCD_printInt 
  delayLCD delayMicroseconds delay Vscirx_ISR Serial_available Serial_read 
  Serial_flush Serial_begin Serial_write main proceso1 proceso2 proceso3 map 
  analogRead CLK_begin _PUSH_ARGS_L _ENTER_UNARY_L _ENTER_BINARY_L 
  _ENTER_BINARY_L_RC _IDIVMOD _LADD_k_is_k_plus_j _k_is_k_plus_j_l 
  _k_is_k_plus_j_i _LMUL_k_is_k_mul_j _LDIVMOD _NEG_L_HX _ABS_L_HX _SPLITSIGN_L 
  _LMODS_k_is_k_mod_j _LDIVS_k_is_k_div_j _LCMP_k_rel_j _IMUL_STAR08 
  _IDIVU_STAR08 _LNEG _LADD _LMUL _LDIVS _LDIVS_RC _LMODS_RC _LCMP_RC _POP32 
  _SEXT16_32 _Jump_Table_Header_Offset 
SECTION: ".bss"
  charCount.1 chars.2 cycles.3 mult.4 cycles.5 mult.6 mult.7 rxIndex dato.1 
  fino grueso ciclos.13 ciclos.14 ciclos.15 
SECTION: ".init"
  loadByte Init _Startup 
SECTION: ".rodata1"
  STRING..................1 STRING......STROBE......2 
  STRING......STROBE......3 STRING....Hecho..por....4 STRING....Hecho..por....5 
  STRING.....Bacelo.L.....6 STRING.....Bacelo.L.....7 STRING...Mlinarevic.I...8 
  STRING...Mlinarevic.I...9 STRING..................10 STRING.G..11 
  STRING.Total..12 STRING.ms..16 STRING.F..17 STRING.us......18 
  STRING.us......19 
SECTION: ".abs_section_ffdc"
  _Vector_17 
SECTION: ".common"
  rxBuffer 
SECTION: ".abs_section_0"
  _PTAD 
SECTION: ".abs_section_1"
  _PTADD 
SECTION: ".abs_section_2"
  _PTBD 
SECTION: ".abs_section_3"
  _PTBDD 
SECTION: ".abs_section_4"
  _PTCD 
SECTION: ".abs_section_5"
  _PTCDD 
SECTION: ".abs_section_e"
  _ACMPSC 
SECTION: ".abs_section_10"
  _ADCSC1 
SECTION: ".abs_section_11"
  _ADCSC2 
SECTION: ".abs_section_16"
  _ADCCFG 
SECTION: ".abs_section_17"
  _APCTL1 
SECTION: ".abs_section_18"
  _APCTL2 
SECTION: ".abs_section_1a"
  _IRQSC 
SECTION: ".abs_section_1c"
  _MTIMSC 
SECTION: ".abs_section_1d"
  _MTIMCLK 
SECTION: ".abs_section_1e"
  _MTIMCNT 
SECTION: ".abs_section_1f"
  _MTIMMOD 
SECTION: ".abs_section_20"
  _TPM1SC 
SECTION: ".abs_section_25"
  _TPM1C0SC 
SECTION: ".abs_section_28"
  _TPM1C1SC 
SECTION: ".abs_section_3a"
  _SCIC1 
SECTION: ".abs_section_3b"
  _SCIC2 
SECTION: ".abs_section_3c"
  _SCIS1 
SECTION: ".abs_section_3d"
  _SCIS2 
SECTION: ".abs_section_3e"
  _SCIC3 
SECTION: ".abs_section_3f"
  _SCID 
SECTION: ".abs_section_48"
  _ICSC1 
SECTION: ".abs_section_49"
  _ICSC2 
SECTION: ".abs_section_4a"
  _ICSTRM 
SECTION: ".abs_section_4b"
  _ICSSC 
SECTION: ".abs_section_50"
  _SPIC1 
SECTION: ".abs_section_51"
  _SPIC2 
SECTION: ".abs_section_52"
  _SPIBR 
SECTION: ".abs_section_53"
  _SPIS 
SECTION: ".abs_section_55"
  _SPID 
SECTION: ".abs_section_58"
  _IICA 
SECTION: ".abs_section_59"
  _IICF 
SECTION: ".abs_section_5a"
  _IICC1 
SECTION: ".abs_section_5b"
  _IICS 
SECTION: ".abs_section_5c"
  _IICD 
SECTION: ".abs_section_5d"
  _IICC2 
SECTION: ".abs_section_60"
  _TPM2SC 
SECTION: ".abs_section_65"
  _TPM2C0SC 
SECTION: ".abs_section_68"
  _TPM2C1SC 
SECTION: ".abs_section_6c"
  _RTCSC 
SECTION: ".abs_section_6d"
  _RTCCNT 
SECTION: ".abs_section_6e"
  _RTCMOD 
SECTION: ".abs_section_1800"
  _SRS 
SECTION: ".abs_section_1801"
  _SBDFR 
SECTION: ".abs_section_1802"
  _SOPT1 
SECTION: ".abs_section_1803"
  _SOPT2 
SECTION: ".abs_section_1809"
  _SPMSC1 
SECTION: ".abs_section_180a"
  _SPMSC2 
SECTION: ".abs_section_1816"
  _DBGC 
SECTION: ".abs_section_1817"
  _DBGT 
SECTION: ".abs_section_1818"
  _DBGS 
SECTION: ".abs_section_1820"
  _FCDIV 
SECTION: ".abs_section_1821"
  _FOPT 
SECTION: ".abs_section_1823"
  _FCNFG 
SECTION: ".abs_section_1824"
  _FPROT 
SECTION: ".abs_section_1825"
  _FSTAT 
SECTION: ".abs_section_1826"
  _FCMD 
SECTION: ".abs_section_1840"
  _PTAPE 
SECTION: ".abs_section_1841"
  _PTASE 
SECTION: ".abs_section_1842"
  _PTADS 
SECTION: ".abs_section_1844"
  _PTASC 
SECTION: ".abs_section_1845"
  _PTAPS 
SECTION: ".abs_section_1846"
  _PTAES 
SECTION: ".abs_section_1848"
  _PTBPE 
SECTION: ".abs_section_1849"
  _PTBSE 
SECTION: ".abs_section_184a"
  _PTBDS 
SECTION: ".abs_section_184c"
  _PTBSC 
SECTION: ".abs_section_184d"
  _PTBPS 
SECTION: ".abs_section_184e"
  _PTBES 
SECTION: ".abs_section_1850"
  _PTCPE 
SECTION: ".abs_section_1851"
  _PTCSE 
SECTION: ".abs_section_1852"
  _PTCDS 
SECTION: ".abs_section_1853"
  _GNGC 
SECTION: ".abs_section_12"
  _ADCR 
SECTION: ".abs_section_14"
  _ADCCV 
SECTION: ".abs_section_21"
  _TPM1CNT 
SECTION: ".abs_section_23"
  _TPM1MOD 
SECTION: ".abs_section_26"
  _TPM1C0V 
SECTION: ".abs_section_29"
  _TPM1C1V 
SECTION: ".abs_section_38"
  _SCIBD 
SECTION: ".abs_section_61"
  _TPM2CNT 
SECTION: ".abs_section_63"
  _TPM2MOD 
SECTION: ".abs_section_66"
  _TPM2C0V 
SECTION: ".abs_section_69"
  _TPM2C1V 
SECTION: ".abs_section_1806"
  _SDID 
SECTION: ".abs_section_1810"
  _DBGCA 
SECTION: ".abs_section_1812"
  _DBGCB 
SECTION: ".abs_section_1814"
  _DBGF 

*********************************************************************************************
OBJECT LIST SORTED BY ADDRESS
     Name                                      Addr   hSize   dSize     Ref    Section   RLIB
---------------------------------------------------------------------------------------------
     _PTAD                                        0       1       1       3   .abs_section_0
     _PTADD                                       1       1       1       1   .abs_section_1
     _PTBD                                        2       1       1      21   .abs_section_2
     _PTBDD                                       3       1       1       3   .abs_section_3
     _PTCD                                        4       1       1      25   .abs_section_4
     _PTCDD                                       5       1       1       3   .abs_section_5
     _ACMPSC                                      E       1       1       0   .abs_section_e
     _ADCSC1                                     10       1       1       2   .abs_section_10
     _ADCSC2                                     11       1       1       1   .abs_section_11
     _ADCR                                       12       2       2       1   .abs_section_12
     _ADCCV                                      14       2       2       0   .abs_section_14
     _ADCCFG                                     16       1       1       1   .abs_section_16
     _APCTL1                                     17       1       1       0   .abs_section_17
     _APCTL2                                     18       1       1       1   .abs_section_18
     _IRQSC                                      1A       1       1       0   .abs_section_1a
     _MTIMSC                                     1C       1       1       0   .abs_section_1c
     _MTIMCLK                                    1D       1       1       0   .abs_section_1d
     _MTIMCNT                                    1E       1       1       0   .abs_section_1e
     _MTIMMOD                                    1F       1       1       0   .abs_section_1f
     _TPM1SC                                     20       1       1       0   .abs_section_20
     _TPM1CNT                                    21       2       2       0   .abs_section_21
     _TPM1MOD                                    23       2       2       0   .abs_section_23
     _TPM1C0SC                                   25       1       1       0   .abs_section_25
     _TPM1C0V                                    26       2       2       0   .abs_section_26
     _TPM1C1SC                                   28       1       1       0   .abs_section_28
     _TPM1C1V                                    29       2       2       0   .abs_section_29
     _SCIBD                                      38       2       2       5   .abs_section_38
     _SCIC1                                      3A       1       1       1   .abs_section_3a
     _SCIC2                                      3B       1       1       3   .abs_section_3b
     _SCIS1                                      3C       1       1       2   .abs_section_3c
     _SCIS2                                      3D       1       1       0   .abs_section_3d
     _SCIC3                                      3E       1       1       1   .abs_section_3e
     _SCID                                       3F       1       1       2   .abs_section_3f
     _ICSC1                                      48       1       1       1   .abs_section_48
     _ICSC2                                      49       1       1       1   .abs_section_49
     _ICSTRM                                     4A       1       1       1   .abs_section_4a
     _ICSSC                                      4B       1       1       1   .abs_section_4b
     _SPIC1                                      50       1       1       0   .abs_section_50
     _SPIC2                                      51       1       1       0   .abs_section_51
     _SPIBR                                      52       1       1       0   .abs_section_52
     _SPIS                                       53       1       1       0   .abs_section_53
     _SPID                                       55       1       1       0   .abs_section_55
     _IICA                                       58       1       1       0   .abs_section_58
     _IICF                                       59       1       1       0   .abs_section_59
     _IICC1                                      5A       1       1       0   .abs_section_5a
     _IICS                                       5B       1       1       0   .abs_section_5b
     _IICD                                       5C       1       1       0   .abs_section_5c
     _IICC2                                      5D       1       1       0   .abs_section_5d
     _TPM2SC                                     60       1       1       0   .abs_section_60
     _TPM2CNT                                    61       2       2       0   .abs_section_61
     _TPM2MOD                                    63       2       2       0   .abs_section_63
     _TPM2C0SC                                   65       1       1       0   .abs_section_65
     _TPM2C0V                                    66       2       2       0   .abs_section_66
     _TPM2C1SC                                   68       1       1       0   .abs_section_68
     _TPM2C1V                                    69       2       2       0   .abs_section_69
     _RTCSC                                      6C       1       1       0   .abs_section_6c
     _RTCCNT                                     6D       1       1       0   .abs_section_6d
     _RTCMOD                                     6E       1       1       0   .abs_section_6e
     charCount.1                                100       1       1       4   .bss        
     chars.2                                    101       1       1       4   .bss        
     cycles.3                                   102       2       2       3   .bss        
     mult.4                                     104       2       2       3   .bss        
     cycles.5                                   106       2       2       3   .bss        
     mult.6                                     108       2       2       3   .bss        
     mult.7                                     10A       2       2       3   .bss        
     rxIndex                                    10C       1       1       3   .bss        
     dato.1                                     10D       1       1       2   .bss        
     fino                                       10E       2       2       7   .bss        
     grueso                                     110       2       2       4   .bss        
     ciclos.13                                  112       2       2       3   .bss        
     ciclos.14                                  114       2       2       3   .bss        
     ciclos.15                                  116       2       2       3   .bss        
     rxBuffer                                   118      14      20       8   .common     
     _SRS                                      1800       1       1       0   .abs_section_1800
     _SBDFR                                    1801       1       1       0   .abs_section_1801
     _SOPT1                                    1802       1       1       1   .abs_section_1802
     _SOPT2                                    1803       1       1       0   .abs_section_1803
     _SDID                                     1806       2       2       0   .abs_section_1806
     _SPMSC1                                   1809       1       1       0   .abs_section_1809
     _SPMSC2                                   180A       1       1       0   .abs_section_180a
     _DBGCA                                    1810       2       2       0   .abs_section_1810
     _DBGCB                                    1812       2       2       0   .abs_section_1812
     _DBGF                                     1814       2       2       0   .abs_section_1814
     _DBGC                                     1816       1       1       0   .abs_section_1816
     _DBGT                                     1817       1       1       0   .abs_section_1817
     _DBGS                                     1818       1       1       0   .abs_section_1818
     _FCDIV                                    1820       1       1       0   .abs_section_1820
     _FOPT                                     1821       1       1       0   .abs_section_1821
     _FCNFG                                    1823       1       1       0   .abs_section_1823
     _FPROT                                    1824       1       1       0   .abs_section_1824
     _FSTAT                                    1825       1       1       0   .abs_section_1825
     _FCMD                                     1826       1       1       0   .abs_section_1826
     _PTAPE                                    1840       1       1       0   .abs_section_1840
     _PTASE                                    1841       1       1       0   .abs_section_1841
     _PTADS                                    1842       1       1       0   .abs_section_1842
     _PTASC                                    1844       1       1       0   .abs_section_1844
     _PTAPS                                    1845       1       1       0   .abs_section_1845
     _PTAES                                    1846       1       1       0   .abs_section_1846
     _PTBPE                                    1848       1       1       0   .abs_section_1848
     _PTBSE                                    1849       1       1       0   .abs_section_1849
     _PTBDS                                    184A       1       1       0   .abs_section_184a
     _PTBSC                                    184C       1       1       0   .abs_section_184c
     _PTBPS                                    184D       1       1       0   .abs_section_184d
     _PTBES                                    184E       1       1       0   .abs_section_184e
     _PTCPE                                    1850       1       1       0   .abs_section_1850
     _PTCSE                                    1851       1       1       0   .abs_section_1851
     _PTCDS                                    1852       1       1       0   .abs_section_1852
     _GNGC                                     1853       1       1       0   .abs_section_1853
     loadByte                                  E000       E      14       5   .init       
     Init                                      E00E      6D     109       1   .init       
     _Startup                                  E07B       9       9       0   .init       
     STRING..................1                 E092      11      17       1   .rodata1    
     STRING......STROBE......2                 E0A3      11      17       1   .rodata1    
     STRING......STROBE......3                 E0B4      11      17       1   .rodata1    
     STRING....Hecho..por....4                 E0C5      11      17       1   .rodata1    
     STRING....Hecho..por....5                 E0D6      11      17       1   .rodata1    
     STRING.....Bacelo.L.....6                 E0E7      11      17       1   .rodata1    
     STRING.....Bacelo.L.....7                 E0F8      11      17       1   .rodata1    
     STRING...Mlinarevic.I...8                 E109      11      17       1   .rodata1    
     STRING...Mlinarevic.I...9                 E11A      11      17       1   .rodata1    
     STRING..................10                E12B      11      17       1   .rodata1    
     STRING.G..11                              E13C       3       3       1   .rodata1    
     STRING.Total..12                          E13F       7       7       1   .rodata1    
     STRING.ms..16                             E146       4       4       1   .rodata1    
     STRING.F..17                              E14A       3       3       1   .rodata1    
     STRING.us......18                         E14D       8       8       1   .rodata1    
     STRING.us......19                         E155       8       8       1   .rodata1    
     LCD_begin                                 E15D      5E      94       1   .text       
     LCD_clear                                 E1BB       5       5       4   .text       
     LCD_cmd                                   E1C0      84     132       4   .text       
     LCD_char                                  E244      84     132       1   .text       
     LCD_setCursor                             E2C8      29      41       3   .text       
     LCD_print                                 E2F1      3D      61       9   .text       
     LCD_printInt                              E32E     1C2     450       9   .text       
     delayLCD                                  E4F0      2A      42      12   .text       
     delayMicroseconds                         E51A      2A      42       1   .text       
     delay                                     E544      1A      26       2   .text       
     Vscirx_ISR                                E55E      2B      43       1   .text       
     Serial_available                          E589      14      20       1   .text       
     Serial_read                               E59D      2A      42       1   .text       
     Serial_flush                              E5C7      12      18       2   .text       
     Serial_begin                              E5D9      2D      45       1   .text       
     Serial_write                              E606       A      10       1   .text       
     main                                      E610      89     137       1   .text       
     proceso1                                  E699      40      64       1   .text       
     proceso2                                  E6D9      66     102       1   .text       
     proceso3                                  E73F      93     147       1   .text       
     map                                       E7D2      6D     109       2   .text       
     analogRead                                E83F      11      17       1   .text       
     CLK_begin                                 E850      16      22       1   .text       
     _PUSH_ARGS_L                              E866      20      32       2   .text       
     _ENTER_UNARY_L                            E886      29      41       1   .text       
     _ENTER_BINARY_L                           E8AF      16      22       3   .text       
     _ENTER_BINARY_L_RC                        E8C5      19      25       3   .text       
     _IDIVMOD                                  E8DE      69     105       1   .text       
     _LADD_k_is_k_plus_j                       E947      1F      31       1   .text       
     _k_is_k_plus_j_l                          E966      1E      30       2   .text       
     _k_is_k_plus_j_i                          E984      12      18       3   .text       
     _LMUL_k_is_k_mul_j                        E996      81     129       1   .text       
     _LDIVMOD                                  EA17      A4     164       2   .text       
     _NEG_L_HX                                 EABB      13      19       3   .text       
     _ABS_L_HX                                 EACE       6       6       2   .text       
     _SPLITSIGN_L                              EAD4       A      10       2   .text       
     _LMODS_k_is_k_mod_j                       EADE      18      24       1   .text       
     _LDIVS_k_is_k_div_j                       EAF6      27      39       2   .text       
     _LCMP_k_rel_j                             EB1D      1F      31       1   .text       
     _IMUL_STAR08                              EB3C      27      39       1   .text       
     _IDIVU_STAR08                             EB63       D      13       1   .text       
     _LNEG                                     EB70      1C      28       1   .text       
     _LADD                                     EB8C       6       6       1   .text       
     _LMUL                                     EB92       6       6       1   .text       
     _LDIVS                                    EB98       6       6       1   .text       
     _LDIVS_RC                                 EB9E       6       6       7   .text       
     _LMODS_RC                                 EBA4       6       6       8   .text       
     _LCMP_RC                                  EBAA       6       6       8   .text       
     _POP32                                    EBB0      1A      26       5   .text       
     _SEXT16_32                                EBCA       D      13       7   .text       
     _Jump_Table_Header_Offset                 EBD7      24      36       1   .text       
     _Vector_17                                FFDC       2       2       0   .abs_section_ffdc

*********************************************************************************************
UNUSED-OBJECTS SECTION
---------------------------------------------------------------------------------------------
NOT USED PROCEDURES
LCD_lib_c.obj:
  LCD_home 
SCI_lib_c.obj:
  Serial_peek 
rtshc08.o (ansiis.lib):
  _PUSH_ARGS_D _ENTER_UNARY_L64 _ENTER_UNARY_L64_4 _ENTER_BINARY_L_LC 
  _ENTER_BINARY_L64 _ENTER_BINARY_L64_LC _ENTER_BINARY_L64_RC _SPLITSIGN 
  _LSUB_k_is_k_minus_j _LAND_k_is_k_and_j _LOR_k_is_k_or_j _LXOR_k_is_k_xor_j 
  _LMODU_k_is_k_mod_j _LDIVU_k_is_k_div_j _CMP24_k_rel_j _BMULS _BDIVS _BMODS 
  _IDIVS_STAR08 _IMODS_STAR08 _IMODU_STAR08 _IDIVU_8 _IMODU_8 _IASR _ILSR _ILSL 
  _ICMP _LINC _LDEC _LNOT _LADD_RC _LSUB _LSUB_LC _LSUB_RC _LAND _LAND_RC _LOR 
  _LOR_RC _LXOR _LXOR_RC _LMUL_RC _LDIVS_LC _LDIVU _LDIVU_LC _LDIVU_RC _LMODS 
  _LMODS_LC _LMODU _LMODU_LC _LMODU_RC _LASR _LLSR _LLSL _LCMP _PUSH_ARGS_24 
  _ENTER_BINARY_24_RC _ENTER_BINARY_24 _CMP24 _CMP24_RC _COPY _COPY_L _POP64 
  _STORE32 _STORE64 _SEXT8_32 _CALL_STAR08 _CALL_STAR08_FAR _Jump_Table_Addr 
  _Jump_Table_Offset _Jump_Table_Header_Addr _Search_Table_16_Addr 
  _Search_Table_16_Offset _Search_Table_8_Addr _Search_Table_8_Offset _PUSH_CC 
  _POP_CC _CONV_FAR_TO_NEAR _CONV_FAR_TO_LINEAR _CONV_LINEAR_TO_FAR 
NOT USED VARIABLES
SCI_lib_c.obj:
  rxReadIndex 
rtshc08.o (ansiis.lib):
  _PowOfTwo_8 _PowOfTwo_16 _PowOfTwo_32 errno 

*********************************************************************************************
COPYDOWN SECTION
---------------------------------------------------------------------------------------------
------- ROM-ADDRESS: 0xEBFB ---- SIZE       2 ---
Filling bytes inserted
 0000

*********************************************************************************************
OBJECT-DEPENDENCIES SECTION
---------------------------------------------------------------------------------------------
Init                      USES _startupData loadByte 
_Startup                  USES __SEG_END_SSTACK Init main 
LCD_begin                 USES _PTBDD _PTCDD delayLCD _PTCD LCD_cmd LCD_clear 
                                _PTBD 
LCD_clear                 USES LCD_cmd 
LCD_cmd                   USES _PTBD _PTCD delayLCD 
LCD_char                  USES _PTBD _PTCD delayLCD 
LCD_setCursor             USES LCD_cmd 
LCD_print                 USES charCount.1 chars.2 LCD_char 
LCD_printInt              USES _LNEG _POP32 _LCMP_RC LCD_printInt 
                                _Jump_Table_Header_Offset _LMODS_RC _LDIVS_RC LCD_print 
delayLCD                  USES mult.4 cycles.3 
delayMicroseconds         USES mult.6 cycles.5 
delay                     USES mult.7 delayMicroseconds 
Vscirx_ISR                USES _PTAD _SCIS1 rxIndex rxBuffer _SCIC2 _SCID 
Serial_available          USES rxBuffer 
Serial_read               USES rxBuffer dato.1 _SCIC2 
Serial_flush              USES rxBuffer 
Serial_begin              USES _SCIC1 _SCIC2 _SCIC3 _SCIBD Serial_flush 
Serial_write              USES _SCIS1 _SCID 
main                      USES CLK_begin _PTADD _PTAD Serial_begin 
                                Serial_flush LCD_begin LCD_clear STRING..................1 
                                STRING......STROBE......2 STRING......STROBE......3 
                                STRING....Hecho..por....4 STRING....Hecho..por....5 
                                STRING.....Bacelo.L.....6 STRING.....Bacelo.L.....7 
                                STRING...Mlinarevic.I...8 STRING...Mlinarevic.I...9 
                                STRING..................10 LCD_print delay STRING.G..11 STRING.Total..12 
                                proceso1 proceso2 proceso3 LCD_setCursor 
proceso1                  USES ciclos.13 Serial_available Serial_read grueso 
                                map 
proceso2                  USES ciclos.14 analogRead _IDIVU_STAR08 fino 
                                Serial_write map 
proceso3                  USES ciclos.15 LCD_setCursor grueso _SEXT16_32 
                                STRING.ms..16 LCD_print STRING.F..17 fino STRING.us......18 
                                _IMUL_STAR08 STRING.us......19 LCD_printInt 
map                       USES _SEXT16_32 _POP32 _LMUL _LDIVS _LADD 
analogRead                USES _ADCCFG _ADCSC2 _ADCSC1 _APCTL2 _ADCR 
CLK_begin                 USES _SOPT1 _ICSC1 _ICSC2 _ICSSC _ICSTRM 
_ENTER_BINARY_L           USES _PUSH_ARGS_L 
_ENTER_BINARY_L_RC        USES _PUSH_ARGS_L 
_LMUL_k_is_k_mul_j        USES _k_is_k_plus_j_l _k_is_k_plus_j_i 
_ABS_L_HX                 USES _NEG_L_HX 
_SPLITSIGN_L              USES _ABS_L_HX 
_LMODS_k_is_k_mod_j       USES _SPLITSIGN_L _LDIVMOD _NEG_L_HX 
_LDIVS_k_is_k_div_j       USES _SPLITSIGN_L _LDIVMOD _NEG_L_HX 
_IDIVU_STAR08             USES _IDIVMOD 
_LNEG                     USES _ENTER_UNARY_L 
_LADD                     USES _ENTER_BINARY_L _LADD_k_is_k_plus_j 
_LMUL                     USES _ENTER_BINARY_L _LMUL_k_is_k_mul_j 
_LDIVS                    USES _ENTER_BINARY_L _LDIVS_k_is_k_div_j 
_LDIVS_RC                 USES _ENTER_BINARY_L_RC _LDIVS_k_is_k_div_j 
_LMODS_RC                 USES _ENTER_BINARY_L_RC _LMODS_k_is_k_mod_j 
_LCMP_RC                  USES _ENTER_BINARY_L_RC _LCMP_k_rel_j 
_Vector_17                USES Vscirx_ISR 

*********************************************************************************************
DEPENDENCY TREE
*********************************************************************************************
 main and _Startup Group
 | 
 +- main                
 |  | 
 |  +- CLK_begin           
 |  |    
 |  +- Serial_begin        
 |  |  | 
 |  |  +- Serial_flush        
 |  |       
 |  +- Serial_flush         (see above)
 |  |  
 |  +- LCD_begin           
 |  |  | 
 |  |  +- delayLCD            
 |  |  |    
 |  |  +- LCD_cmd             
 |  |  |  | 
 |  |  |  +- delayLCD             (see above)
 |  |  |     
 |  |  +- LCD_clear           
 |  |     | 
 |  |     +- LCD_cmd              (see above)
 |  |        
 |  +- LCD_clear            (see above)
 |  |  
 |  +- LCD_print           
 |  |  | 
 |  |  +- LCD_char            
 |  |     | 
 |  |     +- delayLCD             (see above)
 |  |        
 |  +- delay               
 |  |  | 
 |  |  +- delayMicroseconds   
 |  |       
 |  +- proceso1            
 |  |  | 
 |  |  +- Serial_available    
 |  |  |    
 |  |  +- Serial_read         
 |  |  |    
 |  |  +- map                 
 |  |     | 
 |  |     +- _SEXT16_32          
 |  |     |    
 |  |     +- _POP32              
 |  |     |    
 |  |     +- _LMUL               
 |  |     |  | 
 |  |     |  +- _ENTER_BINARY_L     
 |  |     |  |  | 
 |  |     |  |  +- _PUSH_ARGS_L        
 |  |     |  |       
 |  |     |  +- _LMUL_k_is_k_mul_j  
 |  |     |     | 
 |  |     |     +- _k_is_k_plus_j_l    
 |  |     |     |    
 |  |     |     +- _k_is_k_plus_j_i    
 |  |     |          
 |  |     +- _LDIVS              
 |  |     |  | 
 |  |     |  +- _ENTER_BINARY_L      (see above)
 |  |     |  |  
 |  |     |  +- _LDIVS_k_is_k_div_j 
 |  |     |     | 
 |  |     |     +- _SPLITSIGN_L        
 |  |     |     |  | 
 |  |     |     |  +- _ABS_L_HX           
 |  |     |     |     | 
 |  |     |     |     +- _NEG_L_HX           
 |  |     |     |          
 |  |     |     +- _LDIVMOD            
 |  |     |     |    
 |  |     |     +- _NEG_L_HX            (see above)
 |  |     |        
 |  |     +- _LADD               
 |  |        | 
 |  |        +- _ENTER_BINARY_L      (see above)
 |  |        |  
 |  |        +- _LADD_k_is_k_plus_j 
 |  |             
 |  +- proceso2            
 |  |  | 
 |  |  +- analogRead          
 |  |  |    
 |  |  +- _IDIVU_STAR08       
 |  |  |  | 
 |  |  |  +- _IDIVMOD            
 |  |  |       
 |  |  +- Serial_write        
 |  |  |    
 |  |  +- map                  (see above)
 |  |     
 |  +- proceso3            
 |  |  | 
 |  |  +- LCD_setCursor       
 |  |  |  | 
 |  |  |  +- LCD_cmd              (see above)
 |  |  |     
 |  |  +- _SEXT16_32           (see above)
 |  |  |  
 |  |  +- LCD_print            (see above)
 |  |  |  
 |  |  +- _IMUL_STAR08        
 |  |  |    
 |  |  +- LCD_printInt        
 |  |     | 
 |  |     +- _LNEG               
 |  |     |  | 
 |  |     |  +- _ENTER_UNARY_L      
 |  |     |       
 |  |     +- _POP32               (see above)
 |  |     |  
 |  |     +- _LCMP_RC            
 |  |     |  | 
 |  |     |  +- _ENTER_BINARY_L_RC  
 |  |     |  |  | 
 |  |     |  |  +- _PUSH_ARGS_L         (see above)
 |  |     |  |     
 |  |     |  +- _LCMP_k_rel_j       
 |  |     |       
 |  |     +- _Jump_Table_Header_Offset
 |  |     |    
 |  |     +- _LMODS_RC           
 |  |     |  | 
 |  |     |  +- _ENTER_BINARY_L_RC   (see above)
 |  |     |  |  
 |  |     |  +- _LMODS_k_is_k_mod_j 
 |  |     |     | 
 |  |     |     +- _SPLITSIGN_L         (see above)
 |  |     |     |  
 |  |     |     +- _LDIVMOD             (see above)
 |  |     |     |  
 |  |     |     +- _NEG_L_HX            (see above)
 |  |     |        
 |  |     +- _LDIVS_RC           
 |  |     |  | 
 |  |     |  +- _ENTER_BINARY_L_RC   (see above)
 |  |     |  |  
 |  |     |  +- _LDIVS_k_is_k_div_j  (see above)
 |  |     |     
 |  |     +- LCD_print            (see above)
 |  |        
 |  +- LCD_setCursor        (see above)
 |     
 +- _Startup            
    | 
    +- Init                
    |  | 
    |  +- loadByte            
    |       
    +- main                 (see above)
       
 _Vector_17          
 | 
 +- Vscirx_ISR          
      
*********************************************************************************************
STATISTIC SECTION
---------------------------------------------------------------------------------------------

ExeFile:
--------
Number of blocks to be downloaded: 6
Total size of all blocks to be downloaded: 3073

